Copyright 1986-2022 Xilinx, Inc. All Rights Reserved. Copyright 2022-2025 Advanced Micro Devices, Inc. All Rights Reserved.
---------------------------------------------------------------------------------------------------------------------------------------------
| Tool Version : Vivado v.2025.2 (win64) Build 6299465 Fri Nov 14 19:35:11 GMT 2025
| Date         : Tue Sep 15 15:46:53 2026
| Host         : SaiVishesh running 64-bit major release  (build 9200)
| Command      : report_drc -file C:/Users/gsaiv/RRAM/final_reports/implementation_reports/aes_uart_drc_impl.rpt
| Design       : rram_ro_trng_aes_uart_top
| Device       : xc7a100tcsg324-1
| Speed File   : -1
| Design State : Fully Routed
---------------------------------------------------------------------------------------------------------------------------------------------

Report DRC

Table of Contents
-----------------
1. REPORT SUMMARY
2. REPORT DETAILS

1. REPORT SUMMARY
-----------------
            Netlist: netlist
          Floorplan: impl_1
      Design limits: <entire design considered>
           Ruledeck: default
             Max checks: <unlimited>
             Checks found: 14
+-----------+------------------+-----------------------------------------------------+--------+
| Rule      | Severity         | Description                                         | Checks |
+-----------+------------------+-----------------------------------------------------+--------+
| LUTLP-1   | Critical Warning | Combinatorial Loop Alert                            | 10     |
| NSTD-1    | Critical Warning | Unspecified I/O Standard                            | 1      |
| UCIO-1    | Critical Warning | Unconstrained Logical Port                          | 1      |
| CFGBVS-1  | Warning          | Missing CFGBVS and CONFIG_VOLTAGE Design Properties | 1      |
| RTSTAT-10 | Warning          | No routable loads                                   | 1      |
+-----------+------------------+-----------------------------------------------------+--------+

2. REPORT DETAILS
-----------------
LUTLP-1#1 Critical Warning
Combinatorial Loop Alert  
4 LUT cells form a combinatorial loop. This can create a race condition. Timing analysis may not be accurate. The preferred resolution is to modify the design to remove combinatorial logic loops. If the loop is known and understood, this DRC can be bypassed by acknowledging the condition and setting the following XDC constraint on any one of the nets in the loop: 'set_property ALLOW_COMBINATORIAL_LOOPS TRUE [get_nets <myHier/myNet>]'. One net in the loop is u_trng_core/u_hybrid/u_ro/ro_array/gen_ro3[0].ro3/ro[0]. Please evaluate your design. The cells in the loop are: u_trng_core/u_hybrid/u_ro/ro_array/gen_ro3[0].ro3/feedback_lut,
u_trng_core/u_hybrid/u_ro/ro_array/gen_ro3[0].ro3/feedback_lut_i_1__8,
u_trng_core/u_hybrid/u_ro/ro_array/gen_ro3[0].ro3/gen_inv[0].inv_lut
u_trng_core/u_hybrid/u_ro/ro_array/gen_ro3[0].ro3/gen_inv[1].inv_lut.
Related violations: <none>

LUTLP-1#2 Critical Warning
Combinatorial Loop Alert  
4 LUT cells form a combinatorial loop. This can create a race condition. Timing analysis may not be accurate. The preferred resolution is to modify the design to remove combinatorial logic loops. If the loop is known and understood, this DRC can be bypassed by acknowledging the condition and setting the following XDC constraint on any one of the nets in the loop: 'set_property ALLOW_COMBINATORIAL_LOOPS TRUE [get_nets <myHier/myNet>]'. One net in the loop is u_trng_core/u_hybrid/u_ro/ro_array/gen_ro3[1].ro3/ro[0]. Please evaluate your design. The cells in the loop are: u_trng_core/u_hybrid/u_ro/ro_array/gen_ro3[1].ro3/feedback_lut,
u_trng_core/u_hybrid/u_ro/ro_array/gen_ro3[1].ro3/feedback_lut_i_1__7,
u_trng_core/u_hybrid/u_ro/ro_array/gen_ro3[1].ro3/gen_inv[0].inv_lut
u_trng_core/u_hybrid/u_ro/ro_array/gen_ro3[1].ro3/gen_inv[1].inv_lut.
Related violations: <none>

LUTLP-1#3 Critical Warning
Combinatorial Loop Alert  
4 LUT cells form a combinatorial loop. This can create a race condition. Timing analysis may not be accurate. The preferred resolution is to modify the design to remove combinatorial logic loops. If the loop is known and understood, this DRC can be bypassed by acknowledging the condition and setting the following XDC constraint on any one of the nets in the loop: 'set_property ALLOW_COMBINATORIAL_LOOPS TRUE [get_nets <myHier/myNet>]'. One net in the loop is u_trng_core/u_hybrid/u_ro/ro_array/gen_ro3[2].ro3/ro[0]. Please evaluate your design. The cells in the loop are: u_trng_core/u_hybrid/u_ro/ro_array/gen_ro3[2].ro3/feedback_lut,
u_trng_core/u_hybrid/u_ro/ro_array/gen_ro3[2].ro3/feedback_lut_i_1__6,
u_trng_core/u_hybrid/u_ro/ro_array/gen_ro3[2].ro3/gen_inv[0].inv_lut
u_trng_core/u_hybrid/u_ro/ro_array/gen_ro3[2].ro3/gen_inv[1].inv_lut.
Related violations: <none>

LUTLP-1#4 Critical Warning
Combinatorial Loop Alert  
4 LUT cells form a combinatorial loop. This can create a race condition. Timing analysis may not be accurate. The preferred resolution is to modify the design to remove combinatorial logic loops. If the loop is known and understood, this DRC can be bypassed by acknowledging the condition and setting the following XDC constraint on any one of the nets in the loop: 'set_property ALLOW_COMBINATORIAL_LOOPS TRUE [get_nets <myHier/myNet>]'. One net in the loop is u_trng_core/u_hybrid/u_ro/ro_array/gen_ro3[3].ro3/ro[0]. Please evaluate your design. The cells in the loop are: u_trng_core/u_hybrid/u_ro/ro_array/gen_ro3[3].ro3/feedback_lut,
u_trng_core/u_hybrid/u_ro/ro_array/gen_ro3[3].ro3/feedback_lut_i_1__5,
u_trng_core/u_hybrid/u_ro/ro_array/gen_ro3[3].ro3/gen_inv[0].inv_lut
u_trng_core/u_hybrid/u_ro/ro_array/gen_ro3[3].ro3/gen_inv[1].inv_lut.
Related violations: <none>

LUTLP-1#5 Critical Warning
Combinatorial Loop Alert  
6 LUT cells form a combinatorial loop. This can create a race condition. Timing analysis may not be accurate. The preferred resolution is to modify the design to remove combinatorial logic loops. If the loop is known and understood, this DRC can be bypassed by acknowledging the condition and setting the following XDC constraint on any one of the nets in the loop: 'set_property ALLOW_COMBINATORIAL_LOOPS TRUE [get_nets <myHier/myNet>]'. One net in the loop is u_trng_core/u_hybrid/u_ro/ro_array/gen_ro5[0].ro5/ro[0]. Please evaluate your design. The cells in the loop are: u_trng_core/u_hybrid/u_ro/ro_array/gen_ro5[0].ro5/feedback_lut,
u_trng_core/u_hybrid/u_ro/ro_array/gen_ro5[0].ro5/feedback_lut_i_1__4,
u_trng_core/u_hybrid/u_ro/ro_array/gen_ro5[0].ro5/gen_inv[0].inv_lut,
u_trng_core/u_hybrid/u_ro/ro_array/gen_ro5[0].ro5/gen_inv[1].inv_lut,
u_trng_core/u_hybrid/u_ro/ro_array/gen_ro5[0].ro5/gen_inv[2].inv_lut
u_trng_core/u_hybrid/u_ro/ro_array/gen_ro5[0].ro5/gen_inv[3].inv_lut.
Related violations: <none>

LUTLP-1#6 Critical Warning
Combinatorial Loop Alert  
6 LUT cells form a combinatorial loop. This can create a race condition. Timing analysis may not be accurate. The preferred resolution is to modify the design to remove combinatorial logic loops. If the loop is known and understood, this DRC can be bypassed by acknowledging the condition and setting the following XDC constraint on any one of the nets in the loop: 'set_property ALLOW_COMBINATORIAL_LOOPS TRUE [get_nets <myHier/myNet>]'. One net in the loop is u_trng_core/u_hybrid/u_ro/ro_array/gen_ro5[1].ro5/ro[0]. Please evaluate your design. The cells in the loop are: u_trng_core/u_hybrid/u_ro/ro_array/gen_ro5[1].ro5/feedback_lut,
u_trng_core/u_hybrid/u_ro/ro_array/gen_ro5[1].ro5/feedback_lut_i_1__3,
u_trng_core/u_hybrid/u_ro/ro_array/gen_ro5[1].ro5/gen_inv[0].inv_lut,
u_trng_core/u_hybrid/u_ro/ro_array/gen_ro5[1].ro5/gen_inv[1].inv_lut,
u_trng_core/u_hybrid/u_ro/ro_array/gen_ro5[1].ro5/gen_inv[2].inv_lut
u_trng_core/u_hybrid/u_ro/ro_array/gen_ro5[1].ro5/gen_inv[3].inv_lut.
Related violations: <none>

LUTLP-1#7 Critical Warning
Combinatorial Loop Alert  
6 LUT cells form a combinatorial loop. This can create a race condition. Timing analysis may not be accurate. The preferred resolution is to modify the design to remove combinatorial logic loops. If the loop is known and understood, this DRC can be bypassed by acknowledging the condition and setting the following XDC constraint on any one of the nets in the loop: 'set_property ALLOW_COMBINATORIAL_LOOPS TRUE [get_nets <myHier/myNet>]'. One net in the loop is u_trng_core/u_hybrid/u_ro/ro_array/gen_ro5[2].ro5/ro[0]. Please evaluate your design. The cells in the loop are: u_trng_core/u_hybrid/u_ro/ro_array/gen_ro5[2].ro5/feedback_lut,
u_trng_core/u_hybrid/u_ro/ro_array/gen_ro5[2].ro5/feedback_lut_i_1__2,
u_trng_core/u_hybrid/u_ro/ro_array/gen_ro5[2].ro5/gen_inv[0].inv_lut,
u_trng_core/u_hybrid/u_ro/ro_array/gen_ro5[2].ro5/gen_inv[1].inv_lut,
u_trng_core/u_hybrid/u_ro/ro_array/gen_ro5[2].ro5/gen_inv[2].inv_lut
u_trng_core/u_hybrid/u_ro/ro_array/gen_ro5[2].ro5/gen_inv[3].inv_lut.
Related violations: <none>

LUTLP-1#8 Critical Warning
Combinatorial Loop Alert  
8 LUT cells form a combinatorial loop. This can create a race condition. Timing analysis may not be accurate. The preferred resolution is to modify the design to remove combinatorial logic loops. If the loop is known and understood, this DRC can be bypassed by acknowledging the condition and setting the following XDC constraint on any one of the nets in the loop: 'set_property ALLOW_COMBINATORIAL_LOOPS TRUE [get_nets <myHier/myNet>]'. One net in the loop is u_trng_core/u_hybrid/u_ro/ro_array/gen_ro7[0].ro7/ro[0]. Please evaluate your design. The cells in the loop are: u_trng_core/u_hybrid/u_ro/ro_array/gen_ro7[0].ro7/feedback_lut,
u_trng_core/u_hybrid/u_ro/ro_array/gen_ro7[0].ro7/feedback_lut_i_1__1,
u_trng_core/u_hybrid/u_ro/ro_array/gen_ro7[0].ro7/gen_inv[0].inv_lut,
u_trng_core/u_hybrid/u_ro/ro_array/gen_ro7[0].ro7/gen_inv[1].inv_lut,
u_trng_core/u_hybrid/u_ro/ro_array/gen_ro7[0].ro7/gen_inv[2].inv_lut,
u_trng_core/u_hybrid/u_ro/ro_array/gen_ro7[0].ro7/gen_inv[3].inv_lut,
u_trng_core/u_hybrid/u_ro/ro_array/gen_ro7[0].ro7/gen_inv[4].inv_lut
u_trng_core/u_hybrid/u_ro/ro_array/gen_ro7[0].ro7/gen_inv[5].inv_lut.
Related violations: <none>

LUTLP-1#9 Critical Warning
Combinatorial Loop Alert  
8 LUT cells form a combinatorial loop. This can create a race condition. Timing analysis may not be accurate. The preferred resolution is to modify the design to remove combinatorial logic loops. If the loop is known and understood, this DRC can be bypassed by acknowledging the condition and setting the following XDC constraint on any one of the nets in the loop: 'set_property ALLOW_COMBINATORIAL_LOOPS TRUE [get_nets <myHier/myNet>]'. One net in the loop is u_trng_core/u_hybrid/u_ro/ro_array/gen_ro7[1].ro7/ro[0]. Please evaluate your design. The cells in the loop are: u_trng_core/u_hybrid/u_ro/ro_array/gen_ro7[1].ro7/feedback_lut,
u_trng_core/u_hybrid/u_ro/ro_array/gen_ro7[1].ro7/feedback_lut_i_1__0,
u_trng_core/u_hybrid/u_ro/ro_array/gen_ro7[1].ro7/gen_inv[0].inv_lut,
u_trng_core/u_hybrid/u_ro/ro_array/gen_ro7[1].ro7/gen_inv[1].inv_lut,
u_trng_core/u_hybrid/u_ro/ro_array/gen_ro7[1].ro7/gen_inv[2].inv_lut,
u_trng_core/u_hybrid/u_ro/ro_array/gen_ro7[1].ro7/gen_inv[3].inv_lut,
u_trng_core/u_hybrid/u_ro/ro_array/gen_ro7[1].ro7/gen_inv[4].inv_lut
u_trng_core/u_hybrid/u_ro/ro_array/gen_ro7[1].ro7/gen_inv[5].inv_lut.
Related violations: <none>

LUTLP-1#10 Critical Warning
Combinatorial Loop Alert  
8 LUT cells form a combinatorial loop. This can create a race condition. Timing analysis may not be accurate. The preferred resolution is to modify the design to remove combinatorial logic loops. If the loop is known and understood, this DRC can be bypassed by acknowledging the condition and setting the following XDC constraint on any one of the nets in the loop: 'set_property ALLOW_COMBINATORIAL_LOOPS TRUE [get_nets <myHier/myNet>]'. One net in the loop is u_trng_core/u_hybrid/u_ro/ro_array/gen_ro7[2].ro7/ro[0]. Please evaluate your design. The cells in the loop are: u_trng_core/u_hybrid/u_ro/ro_array/gen_ro7[2].ro7/feedback_lut,
u_trng_core/u_hybrid/u_ro/ro_array/gen_ro7[2].ro7/feedback_lut_i_1,
u_trng_core/u_hybrid/u_ro/ro_array/gen_ro7[2].ro7/gen_inv[0].inv_lut,
u_trng_core/u_hybrid/u_ro/ro_array/gen_ro7[2].ro7/gen_inv[1].inv_lut,
u_trng_core/u_hybrid/u_ro/ro_array/gen_ro7[2].ro7/gen_inv[2].inv_lut,
u_trng_core/u_hybrid/u_ro/ro_array/gen_ro7[2].ro7/gen_inv[3].inv_lut,
u_trng_core/u_hybrid/u_ro/ro_array/gen_ro7[2].ro7/gen_inv[4].inv_lut
u_trng_core/u_hybrid/u_ro/ro_array/gen_ro7[2].ro7/gen_inv[5].inv_lut.
Related violations: <none>

NSTD-1#1 Critical Warning
Unspecified I/O Standard  
5 out of 5 logical ports use I/O standard (IOSTANDARD) value 'DEFAULT', instead of a user assigned specific value. This may cause I/O contention or incompatibility with the board power or connectivity affecting performance, signal integrity or in extreme cases cause damage to the device or the components to which it is connected. To correct this violation, specify all I/O standards. This design will fail to generate a bitstream unless all logical ports have a user specified I/O standard value defined. To allow bitstream creation with unspecified I/O standard values (not recommended), use this command: set_property SEVERITY {Warning} [get_drc_checks NSTD-1].  NOTE: When using the Vivado Runs infrastructure (e.g. launch_runs Tcl command), add this command to a .tcl file and add that file as a pre-hook for write_bitstream step for the implementation run. Problem ports: block_valid, clk, enable, rst, uart_tx.
Related violations: <none>

UCIO-1#1 Critical Warning
Unconstrained Logical Port  
5 out of 5 logical ports have no user assigned specific location constraint (LOC). This may cause I/O contention or incompatibility with the board power or connectivity affecting performance, signal integrity or in extreme cases cause damage to the device or the components to which it is connected. To correct this violation, specify all pin locations. This design will fail to generate a bitstream unless all logical ports have a user specified site LOC constraint defined.  To allow bitstream creation with unspecified pin locations (not recommended), use this command: set_property SEVERITY {Warning} [get_drc_checks UCIO-1].  NOTE: When using the Vivado Runs infrastructure (e.g. launch_runs Tcl command), add this command to a .tcl file and add that file as a pre-hook for write_bitstream step for the implementation run.  Problem ports: block_valid, clk, enable, rst, uart_tx.
Related violations: <none>

CFGBVS-1#1 Warning
Missing CFGBVS and CONFIG_VOLTAGE Design Properties  
Neither the CFGBVS nor CONFIG_VOLTAGE voltage property is set in the current_design.  Configuration bank voltage select (CFGBVS) must be set to VCCO or GND, and CONFIG_VOLTAGE must be set to the correct configuration voltage, in order to determine the I/O voltage support for the pins in bank 0.  It is suggested to specify these either using the 'Edit Device Properties' function in the GUI or directly in the XDC file using the following syntax:

 set_property CFGBVS value1 [current_design]
 #where value1 is either VCCO or GND

 set_property CONFIG_VOLTAGE value2 [current_design]
 #where value2 is the voltage provided to configuration bank 0

Refer to the device configuration user guide for more information.
Related violations: <none>

RTSTAT-10#1 Warning
No routable loads  
40 net(s) have no routable loads. The problem bus(es) and/or net(s) are u_trng_core/u_hybrid/u_ro/ro_array/gen_ro3[10].ro3/ro[2],
u_trng_core/u_hybrid/u_ro/ro_array/gen_ro3[11].ro3/ro[2],
u_trng_core/u_hybrid/u_ro/ro_array/gen_ro3[12].ro3/ro[2],
u_trng_core/u_hybrid/u_ro/ro_array/gen_ro3[13].ro3/ro[2],
u_trng_core/u_hybrid/u_ro/ro_array/gen_ro3[14].ro3/ro[2],
u_trng_core/u_hybrid/u_ro/ro_array/gen_ro3[15].ro3/ro[2],
u_trng_core/u_hybrid/u_ro/ro_array/gen_ro3[16].ro3/ro[2],
u_trng_core/u_hybrid/u_ro/ro_array/gen_ro3[4].ro3/ro[2],
u_trng_core/u_hybrid/u_ro/ro_array/gen_ro3[5].ro3/ro[2],
u_trng_core/u_hybrid/u_ro/ro_array/gen_ro3[6].ro3/ro[2],
u_trng_core/u_hybrid/u_ro/ro_array/gen_ro3[7].ro3/ro[2],
u_trng_core/u_hybrid/u_ro/ro_array/gen_ro3[8].ro3/ro[2],
u_trng_core/u_hybrid/u_ro/ro_array/gen_ro3[9].ro3/ro[2],
u_trng_core/u_hybrid/u_ro/ro_array/gen_ro5[14].ro5/ro[4],
u_trng_core/u_hybrid/u_ro/ro_array/gen_ro5[8].ro5/ro[4]
 (the first 15 of 40 listed nets/buses).
Related violations: <none>


